Archive member included to satisfy reference by file (symbol)

c:/st/stm32cubeide_1.5.0/stm32cubeide/plugins/com.st.stm32cube.ide.mcu.externaltools.gnu-tools-for-stm32.7-2018-q2-update.win32_1.5.0.202011040924/tools/bin/../lib/gcc/arm-none-eabi/7.3.1/../../../../arm-none-eabi/lib/thumb/v7e-m/fpv4-sp/hard\libc_nano.a(lib_a-errno.o)
                              Core/Src/syscalls.o (__errno)
c:/st/stm32cubeide_1.5.0/stm32cubeide/plugins/com.st.stm32cube.ide.mcu.externaltools.gnu-tools-for-stm32.7-2018-q2-update.win32_1.5.0.202011040924/tools/bin/../lib/gcc/arm-none-eabi/7.3.1/../../../../arm-none-eabi/lib/thumb/v7e-m/fpv4-sp/hard\libc_nano.a(lib_a-exit.o)
                              c:/st/stm32cubeide_1.5.0/stm32cubeide/plugins/com.st.stm32cube.ide.mcu.externaltools.gnu-tools-for-stm32.7-2018-q2-update.win32_1.5.0.202011040924/tools/bin/../lib/gcc/arm-none-eabi/7.3.1/../../../../arm-none-eabi/lib/thumb/v7e-m/fpv4-sp/hard/crt0.o (exit)
c:/st/stm32cubeide_1.5.0/stm32cubeide/plugins/com.st.stm32cube.ide.mcu.externaltools.gnu-tools-for-stm32.7-2018-q2-update.win32_1.5.0.202011040924/tools/bin/../lib/gcc/arm-none-eabi/7.3.1/../../../../arm-none-eabi/lib/thumb/v7e-m/fpv4-sp/hard\libc_nano.a(lib_a-impure.o)
                              c:/st/stm32cubeide_1.5.0/stm32cubeide/plugins/com.st.stm32cube.ide.mcu.externaltools.gnu-tools-for-stm32.7-2018-q2-update.win32_1.5.0.202011040924/tools/bin/../lib/gcc/arm-none-eabi/7.3.1/../../../../arm-none-eabi/lib/thumb/v7e-m/fpv4-sp/hard\libc_nano.a(lib_a-exit.o) (_global_impure_ptr)
c:/st/stm32cubeide_1.5.0/stm32cubeide/plugins/com.st.stm32cube.ide.mcu.externaltools.gnu-tools-for-stm32.7-2018-q2-update.win32_1.5.0.202011040924/tools/bin/../lib/gcc/arm-none-eabi/7.3.1/../../../../arm-none-eabi/lib/thumb/v7e-m/fpv4-sp/hard\libc_nano.a(lib_a-init.o)
                              c:/st/stm32cubeide_1.5.0/stm32cubeide/plugins/com.st.stm32cube.ide.mcu.externaltools.gnu-tools-for-stm32.7-2018-q2-update.win32_1.5.0.202011040924/tools/bin/../lib/gcc/arm-none-eabi/7.3.1/../../../../arm-none-eabi/lib/thumb/v7e-m/fpv4-sp/hard/crt0.o (__libc_init_array)
c:/st/stm32cubeide_1.5.0/stm32cubeide/plugins/com.st.stm32cube.ide.mcu.externaltools.gnu-tools-for-stm32.7-2018-q2-update.win32_1.5.0.202011040924/tools/bin/../lib/gcc/arm-none-eabi/7.3.1/../../../../arm-none-eabi/lib/thumb/v7e-m/fpv4-sp/hard\libc_nano.a(lib_a-memset.o)
                              c:/st/stm32cubeide_1.5.0/stm32cubeide/plugins/com.st.stm32cube.ide.mcu.externaltools.gnu-tools-for-stm32.7-2018-q2-update.win32_1.5.0.202011040924/tools/bin/../lib/gcc/arm-none-eabi/7.3.1/../../../../arm-none-eabi/lib/thumb/v7e-m/fpv4-sp/hard/crt0.o (memset)
c:/st/stm32cubeide_1.5.0/stm32cubeide/plugins/com.st.stm32cube.ide.mcu.externaltools.gnu-tools-for-stm32.7-2018-q2-update.win32_1.5.0.202011040924/tools/bin/../lib/gcc/arm-none-eabi/7.3.1/thumb/v7e-m/fpv4-sp/hard\libgcc.a(_aeabi_uldivmod.o)
                              Drivers/STM32F4xx_HAL_Driver/Src/stm32f4xx_hal_rcc.o (__aeabi_uldivmod)
c:/st/stm32cubeide_1.5.0/stm32cubeide/plugins/com.st.stm32cube.ide.mcu.externaltools.gnu-tools-for-stm32.7-2018-q2-update.win32_1.5.0.202011040924/tools/bin/../lib/gcc/arm-none-eabi/7.3.1/thumb/v7e-m/fpv4-sp/hard\libgcc.a(_udivmoddi4.o)
                              c:/st/stm32cubeide_1.5.0/stm32cubeide/plugins/com.st.stm32cube.ide.mcu.externaltools.gnu-tools-for-stm32.7-2018-q2-update.win32_1.5.0.202011040924/tools/bin/../lib/gcc/arm-none-eabi/7.3.1/thumb/v7e-m/fpv4-sp/hard\libgcc.a(_aeabi_uldivmod.o) (__udivmoddi4)
c:/st/stm32cubeide_1.5.0/stm32cubeide/plugins/com.st.stm32cube.ide.mcu.externaltools.gnu-tools-for-stm32.7-2018-q2-update.win32_1.5.0.202011040924/tools/bin/../lib/gcc/arm-none-eabi/7.3.1/thumb/v7e-m/fpv4-sp/hard\libgcc.a(_dvmd_tls.o)
                              c:/st/stm32cubeide_1.5.0/stm32cubeide/plugins/com.st.stm32cube.ide.mcu.externaltools.gnu-tools-for-stm32.7-2018-q2-update.win32_1.5.0.202011040924/tools/bin/../lib/gcc/arm-none-eabi/7.3.1/thumb/v7e-m/fpv4-sp/hard\libgcc.a(_aeabi_uldivmod.o) (__aeabi_ldiv0)

Allocating common symbols
Common symbol       size              file

_lcd_drivOut        0x2               Core/Src/tft.o
_MW                 0x2               Core/Src/tft.o
_lcd_capable        0x2               Core/Src/tft.o
_SP                 0x2               Core/Src/tft.o
_lcd_rev            0x2               Core/Src/tft.o
uwTick              0x4               Drivers/STM32F4xx_HAL_Driver/Src/stm32f4xx_hal.o
pFlash              0x20              Drivers/STM32F4xx_HAL_Driver/Src/stm32f4xx_hal_flash.o
_MP                 0x2               Core/Src/tft.o
gfxFont             0x4               Core/Src/fonts.o
_MC                 0x2               Core/Src/tft.o
_SC                 0x2               Core/Src/tft.o
_EP                 0x2               Core/Src/tft.o
htim1               0x40              Core/Src/main.o
_lcd_ID             0x2               Core/Src/tft.o
_lcd_xor            0x2               Core/Src/tft.o
[...]
Memory Configuration

Name             Origin             Length             Attributes
RAM              0x0000000020000000 0x0000000000020000 xrw
FLASH            0x0000000008000000 0x0000000000080000 xr
*default*        0x0000000000000000 0xffffffffffffffff

Linker script and memory map

LOAD c:/st/stm32cubeide_1.5.0/stm32cubeide/plugins/com.st.stm32cube.ide.mcu.externaltools.gnu-tools-for-stm32.7-2018-q2-update.win32_1.5.0.202011040924/tools/bin/../lib/gcc/arm-none-eabi/7.3.1/thumb/v7e-m/fpv4-sp/hard/crti.o
LOAD c:/st/stm32cubeide_1.5.0/stm32cubeide/plugins/com.st.stm32cube.ide.mcu.externaltools.gnu-tools-for-stm32.7-2018-q2-update.win32_1.5.0.202011040924/tools/bin/../lib/gcc/arm-none-eabi/7.3.1/thumb/v7e-m/fpv4-sp/hard/crtbegin.o
LOAD c:/st/stm32cubeide_1.5.0/stm32cubeide/plugins/com.st.stm32cube.ide.mcu.externaltools.gnu-tools-for-stm32.7-2018-q2-update.win32_1.5.0.202011040924/tools/bin/../lib/gcc/arm-none-eabi/7.3.1/../../../../arm-none-eabi/lib/thumb/v7e-m/fpv4-sp/hard/crt0.o
LOAD Core/Src/fonts.o
LOAD Core/Src/main.o
LOAD Core/Src/stm32f4xx_hal_msp.o
LOAD Core/Src/stm32f4xx_it.o
LOAD Core/Src/syscalls.o
LOAD Core/Src/sysmem.o
LOAD Core/Src/system_stm32f4xx.o
LOAD Core/Src/tft.o
LOAD Core/Startup/startup_stm32f446retx.o
LOAD Drivers/STM32F4xx_HAL_Driver/Src/stm32f4xx_hal.o
LOAD Drivers/STM32F4xx_HAL_Driver/Src/stm32f4xx_hal_cortex.o
LOAD Drivers/STM32F4xx_HAL_Driver/Src/stm32f4xx_hal_dma.o
LOAD Drivers/STM32F4xx_HAL_Driver/Src/stm32f4xx_hal_dma_ex.o
LOAD Drivers/STM32F4xx_HAL_Driver/Src/stm32f4xx_hal_exti.o
LOAD Drivers/STM32F4xx_HAL_Driver/Src/stm32f4xx_hal_flash.o
LOAD Drivers/STM32F4xx_HAL_Driver/Src/stm32f4xx_hal_flash_ex.o
LOAD Drivers/STM32F4xx_HAL_Driver/Src/stm32f4xx_hal_flash_ramfunc.o
LOAD Drivers/STM32F4xx_HAL_Driver/Src/stm32f4xx_hal_gpio.o
LOAD Drivers/STM32F4xx_HAL_Driver/Src/stm32f4xx_hal_pwr.o
LOAD Drivers/STM32F4xx_HAL_Driver/Src/stm32f4xx_hal_pwr_ex.o
LOAD Drivers/STM32F4xx_HAL_Driver/Src/stm32f4xx_hal_rcc.o
LOAD Drivers/STM32F4xx_HAL_Driver/Src/stm32f4xx_hal_rcc_ex.o
LOAD Drivers/STM32F4xx_HAL_Driver/Src/stm32f4xx_hal_tim.o
LOAD Drivers/STM32F4xx_HAL_Driver/Src/stm32f4xx_hal_tim_ex.o
LOAD Drivers/STM32F4xx_HAL_Driver/Src/stm32f4xx_hal_uart.o
START GROUP
LOAD c:/st/stm32cubeide_1.5.0/stm32cubeide/plugins/com.st.stm32cube.ide.mcu.externaltools.gnu-tools-for-stm32.7-2018-q2-update.win32_1.5.0.202011040924/tools/bin/../lib/gcc/arm-none-eabi/7.3.1/../../../../arm-none-eabi/lib/thumb/v7e-m/fpv4-sp/hard\libc_nano.a
LOAD c:/st/stm32cubeide_1.5.0/stm32cubeide/plugins/com.st.stm32cube.ide.mcu.externaltools.gnu-tools-for-stm32.7-2018-q2-update.win32_1.5.0.202011040924/tools/bin/../lib/gcc/arm-none-eabi/7.3.1/../../../../arm-none-eabi/lib/thumb/v7e-m/fpv4-sp/hard\libm.a
END GROUP
START GROUP
LOAD c:/st/stm32cubeide_1.5.0/stm32cubeide/plugins/com.st.stm32cube.ide.mcu.externaltools.gnu-tools-for-stm32.7-2018-q2-update.win32_1.5.0.202011040924/tools/bin/../lib/gcc/arm-none-eabi/7.3.1/thumb/v7e-m/fpv4-sp/hard\libgcc.a
LOAD c:/st/stm32cubeide_1.5.0/stm32cubeide/plugins/com.st.stm32cube.ide.mcu.externaltools.gnu-tools-for-stm32.7-2018-q2-update.win32_1.5.0.202011040924/tools/bin/../lib/gcc/arm-none-eabi/7.3.1/../../../../arm-none-eabi/lib/thumb/v7e-m/fpv4-sp/hard\libc_nano.a
END GROUP
START GROUP
LOAD c:/st/stm32cubeide_1.5.0/stm32cubeide/plugins/com.st.stm32cube.ide.mcu.externaltools.gnu-tools-for-stm32.7-2018-q2-update.win32_1.5.0.202011040924/tools/bin/../lib/gcc/arm-none-eabi/7.3.1/thumb/v7e-m/fpv4-sp/hard\libgcc.a
LOAD c:/st/stm32cubeide_1.5.0/stm32cubeide/plugins/com.st.stm32cube.ide.mcu.externaltools.gnu-tools-for-stm32.7-2018-q2-update.win32_1.5.0.202011040924/tools/bin/../lib/gcc/arm-none-eabi/7.3.1/../../../../arm-none-eabi/lib/thumb/v7e-m/fpv4-sp/hard\libc_nano.a
LOAD c:/st/stm32cubeide_1.5.0/stm32cubeide/plugins/com.st.stm32cube.ide.mcu.externaltools.gnu-tools-for-stm32.7-2018-q2-update.win32_1.5.0.202011040924/tools/bin/../lib/gcc/arm-none-eabi/7.3.1/../../../../arm-none-eabi/lib/thumb/v7e-m/fpv4-sp/hard\libnosys.a
END GROUP
START GROUP
LOAD c:/st/stm32cubeide_1.5.0/stm32cubeide/plugins/com.st.stm32cube.ide.mcu.externaltools.gnu-tools-for-stm32.7-2018-q2-update.win32_1.5.0.202011040924/tools/bin/../lib/gcc/arm-none-eabi/7.3.1/thumb/v7e-m/fpv4-sp/hard\libgcc.a
LOAD c:/st/stm32cubeide_1.5.0/stm32cubeide/plugins/com.st.stm32cube.ide.mcu.externaltools.gnu-tools-for-stm32.7-2018-q2-update.win32_1.5.0.202011040924/tools/bin/../lib/gcc/arm-none-eabi/7.3.1/../../../../arm-none-eabi/lib/thumb/v7e-m/fpv4-sp/hard\libc_nano.a
LOAD c:/st/stm32cubeide_1.5.0/stm32cubeide/plugins/com.st.stm32cube.ide.mcu.externaltools.gnu-tools-for-stm32.7-2018-q2-update.win32_1.5.0.202011040924/tools/bin/../lib/gcc/arm-none-eabi/7.3.1/../../../../arm-none-eabi/lib/thumb/v7e-m/fpv4-sp/hard\libnosys.a
END GROUP
LOAD c:/st/stm32cubeide_1.5.0/stm32cubeide/plugins/com.st.stm32cube.ide.mcu.externaltools.gnu-tools-for-stm32.7-2018-q2-update.win32_1.5.0.202011040924/tools/bin/../lib/gcc/arm-none-eabi/7.3.1/thumb/v7e-m/fpv4-sp/hard/crtend.o
LOAD c:/st/stm32cubeide_1.5.0/stm32cubeide/plugins/com.st.stm32cube.ide.mcu.externaltools.gnu-tools-for-stm32.7-2018-q2-update.win32_1.5.0.202011040924/tools/bin/../lib/gcc/arm-none-eabi/7.3.1/thumb/v7e-m/fpv4-sp/hard/crtn.o
                0x0000000020020000                _estack = (ORIGIN (RAM) + LENGTH (RAM))
                0x0000000000000200                _Min_Heap_Size = 0x200
                0x0000000000000400                _Min_Stack_Size = 0x400

.isr_vector     0x0000000008000000      0x1c4
                0x0000000008000000                . = ALIGN (0x4)
 *(.isr_vector)
 .isr_vector    0x0000000008000000      0x1c4 Core/Startup/startup_stm32f446retx.o
                0x0000000008000000                g_pfnVectors
                0x00000000080001c4                . = ALIGN (0x4)

.text           0x00000000080001c4     0x6a34
                0x00000000080001c4                . = ALIGN (0x4)
 *(.text)
 .text          0x00000000080001c4       0x40 c:/st/stm32cubeide_1.5.0/stm32cubeide/plugins/com.st.stm32cube.ide.mcu.externaltools.gnu-tools-for-stm32.7-2018-q2-update.win32_1.5.0.202011040924/tools/bin/../lib/gcc/arm-none-eabi/7.3.1/thumb/v7e-m/fpv4-sp/hard/crtbegin.o
 .text          0x0000000008000204       0x30 c:/st/stm32cubeide_1.5.0/stm32cubeide/plugins/com.st.stm32cube.ide.mcu.externaltools.gnu-tools-for-stm32.7-2018-q2-update.win32_1.5.0.202011040924/tools/bin/../lib/gcc/arm-none-eabi/7.3.1/thumb/v7e-m/fpv4-sp/hard\libgcc.a(_aeabi_uldivmod.o)
                0x0000000008000204                __aeabi_uldivmod
 .text          0x0000000008000234      0x2cc c:/st/stm32cubeide_1.5.0/stm32cubeide/plugins/com.st.stm32cube.ide.mcu.externaltools.gnu-tools-for-stm32.7-2018-q2-update.win32_1.5.0.202011040924/tools/bin/../lib/gcc/arm-none-eabi/7.3.1/thumb/v7e-m/fpv4-sp/hard\libgcc.a(_udivmoddi4.o)
                0x0000000008000234                __udivmoddi4
 .text          0x0000000008000500        0x4 c:/st/stm32cubeide_1.5.0/stm32cubeide/plugins/com.st.stm32cube.ide.mcu.externaltools.gnu-tools-for-stm32.7-2018-q2-update.win32_1.5.0.202011040924/tools/bin/../lib/gcc/arm-none-eabi/7.3.1/thumb/v7e-m/fpv4-sp/hard\libgcc.a(_dvmd_tls.o)
                0x0000000008000500                __aeabi_idiv0
                0x0000000008000500                __aeabi_ldiv0
 *(.text*)
 .text.delay    0x0000000008000504       0x30 Core/Src/main.o
                0x0000000008000504                delay
 .text.main     0x0000000008000534       0xa8 Core/Src/main.o
                0x0000000008000534                main
 .text.SystemClock_Config
                0x00000000080005dc       0xd8 Core/Src/main.o
                0x00000000080005dc                SystemClock_Config
 .text.MX_TIM1_Init
                0x00000000080006b4       0xa0 Core/Src/main.o
 .text.MX_USART2_UART_Init
                0x0000000008000754       0x54 Core/Src/main.o
 .text.MX_GPIO_Init
                0x00000000080007a8      0x138 Core/Src/main.o
 .text.Error_Handler
                0x00000000080008e0        0xe Core/Src/main.o
                0x00000000080008e0                Error_Handler
 *fill*         0x00000000080008ee        0x2 
 .text.HAL_MspInit
                0x00000000080008f0       0x50 Core/Src/stm32f4xx_hal_msp.o
                0x00000000080008f0                HAL_MspInit
 .text.HAL_TIM_Base_MspInit
                0x0000000008000940       0x44 Core/Src/stm32f4xx_hal_msp.o
                0x0000000008000940                HAL_TIM_Base_MspInit
 .text.HAL_UART_MspInit
                0x0000000008000984       0x90 Core/Src/stm32f4xx_hal_msp.o
                0x0000000008000984                HAL_UART_MspInit
 .text.NMI_Handler
                0x0000000008000a14        0xe Core/Src/stm32f4xx_it.o
                0x0000000008000a14                NMI_Handler
 .text.HardFault_Handler
                0x0000000008000a22        0x6 Core/Src/stm32f4xx_it.o
                0x0000000008000a22                HardFault_Handler
 .text.MemManage_Handler
                0x0000000008000a28        0x6 Core/Src/stm32f4xx_it.o
                0x0000000008000a28                MemManage_Handler
 .text.BusFault_Handler
                0x0000000008000a2e        0x6 Core/Src/stm32f4xx_it.o
                0x0000000008000a2e                BusFault_Handler
 .text.UsageFault_Handler
                0x0000000008000a34        0x6 Core/Src/stm32f4xx_it.o
                0x0000000008000a34                UsageFault_Handler
 .text.SVC_Handler
                0x0000000008000a3a        0xe Core/Src/stm32f4xx_it.o
                0x0000000008000a3a                SVC_Handler
 .text.DebugMon_Handler
                0x0000000008000a48        0xe Core/Src/stm32f4xx_it.o
                0x0000000008000a48                DebugMon_Handler
 .text.PendSV_Handler
                0x0000000008000a56        0xe Core/Src/stm32f4xx_it.o
                0x0000000008000a56                PendSV_Handler
 .text.SysTick_Handler
                0x0000000008000a64        0xc Core/Src/stm32f4xx_it.o
                0x0000000008000a64                SysTick_Handler
 .text.SystemInit
                0x0000000008000a70       0x2c Core/Src/system_stm32f4xx.o
                0x0000000008000a70                SystemInit
 .text.PIN_LOW  0x0000000008000a9c       0x20 Core/Src/tft.o
                0x0000000008000a9c                PIN_LOW
 .text.PIN_HIGH
                0x0000000008000abc       0x20 Core/Src/tft.o
                0x0000000008000abc                PIN_HIGH
 .text.PIN_INPUT
                0x0000000008000adc       0x2c Core/Src/tft.o
                0x0000000008000adc                PIN_INPUT
 .text.PIN_OUTPUT
                0x0000000008000b08       0x30 Core/Src/tft.o
                0x0000000008000b08                PIN_OUTPUT
 .text.width    0x0000000008000b38       0x18 Core/Src/tft.o
                0x0000000008000b38                width
 .text.height   0x0000000008000b50       0x18 Core/Src/tft.o
                0x0000000008000b50                height
 .text.color565_to_555
                0x0000000008000b68       0x40 Core/Src/tft.o
 .text.color555_to_565
                0x0000000008000ba8       0x42 Core/Src/tft.o
 .text.color565_to_r
                0x0000000008000bea       0x22 Core/Src/tft.o
 .text.color565_to_g
                0x0000000008000c0c       0x22 Core/Src/tft.o
 .text.color565_to_b
                0x0000000008000c2e       0x1c Core/Src/tft.o
 .text.color565
                0x0000000008000c4a       0x4c Core/Src/tft.o
                0x0000000008000c4a                color565
 .text.readPixel
                0x0000000008000c96       0x30 Core/Src/tft.o
                0x0000000008000c96                readPixel
 .text.WriteCmdData
                0x0000000008000cc6       0x24 Core/Src/tft.o
                0x0000000008000cc6                WriteCmdData
 .text.pushCommand
                0x0000000008000cea       0x26 Core/Src/tft.o
                0x0000000008000cea                pushCommand
 .text.setReadDir
                0x0000000008000d10       0x5c Core/Src/tft.o
                0x0000000008000d10                setReadDir
 .text.setWriteDir
                0x0000000008000d6c       0x5c Core/Src/tft.o
                0x0000000008000d6c                setWriteDir
 .text.write24  0x0000000008000dc8      0x1d0 Core/Src/tft.o
 .text.writecmddata
                0x0000000008000f98      0x26c Core/Src/tft.o
 .text.WriteCmdParamN
                0x0000000008001204      0x34c Core/Src/tft.o
 .text.WriteCmdParam4
                0x0000000008001550       0x48 Core/Src/tft.o
 .text.init_table
                0x0000000008001598       0xb0 Core/Src/tft.o
 .text.init_table16
                0x0000000008001648       0x5e Core/Src/tft.o
 *fill*         0x00000000080016a6        0x2 
 .text.reset    0x00000000080016a8       0x94 Core/Src/tft.o
                0x00000000080016a8                reset
 .text.read16bits
                0x000000000800173c      0x1b4 Core/Src/tft.o
 .text.readReg  0x00000000080018f0      0x198 Core/Src/tft.o
                0x00000000080018f0                readReg
 .text.readReg32
                0x0000000008001a88       0x36 Core/Src/tft.o
                0x0000000008001a88                readReg32
 .text.readReg40
                0x0000000008001abe       0x4e Core/Src/tft.o
                0x0000000008001abe                readReg40
 .text.tft_init
                0x0000000008001b0c      0x61c Core/Src/tft.o
                0x0000000008001b0c                tft_init
 .text.readID   0x0000000008002128      0x280 Core/Src/tft.o
                0x0000000008002128                readID
 .text.readGRAM
                0x00000000080023a8      0xad4 Core/Src/tft.o
                0x00000000080023a8                readGRAM
 .text.setRotation
                0x0000000008002e7c      0x504 Core/Src/tft.o
                0x0000000008002e7c                setRotation
 .text.drawPixel
                0x0000000008003380      0x1ec Core/Src/tft.o
                0x0000000008003380                drawPixel
 .text.setAddrWindow
                0x000000000800356c      0x248 Core/Src/tft.o
                0x000000000800356c                setAddrWindow
 .text.vertScroll
                0x00000000080037b4      0x24c Core/Src/tft.o
                0x00000000080037b4                vertScroll
 .text.fillScreen
                0x0000000008003a00       0x34 Core/Src/tft.o
                0x0000000008003a00                fillScreen
 .text.invertDisplay
                0x0000000008003a34      0x134 Core/Src/tft.o
                0x0000000008003a34                invertDisplay
 .text.drawFastVLine
                0x0000000008003b68       0x3e Core/Src/tft.o
                0x0000000008003b68                drawFastVLine
 .text.drawFastHLine
                0x0000000008003ba6       0x3c Core/Src/tft.o
                0x0000000008003ba6                drawFastHLine
 .text.writePixel
                0x0000000008003be2       0x2a Core/Src/tft.o
                0x0000000008003be2                writePixel
 .text.writeLine
                0x0000000008003c0c      0x142 Core/Src/tft.o
                0x0000000008003c0c                writeLine
 .text.drawLine
                0x0000000008003d4e       0xc4 Core/Src/tft.o
                0x0000000008003d4e                drawLine
 .text.drawCircle
                0x0000000008003e12      0x1d6 Core/Src/tft.o
                0x0000000008003e12                drawCircle
 .text.fillCircle
                0x0000000008003fe8       0x60 Core/Src/tft.o
                0x0000000008003fe8                fillCircle
 .text.fillCircleHelper
                0x0000000008004048      0x19c Core/Src/tft.o
                0x0000000008004048                fillCircleHelper
 .text.fillRect
                0x00000000080041e4      0x408 Core/Src/tft.o
                0x00000000080041e4                fillRect
 .text.testFillScreen
                0x00000000080045ec       0x2a Core/Src/tft.o
                0x00000000080045ec                testFillScreen
 .text.testLines
                0x0000000008004616      0x1fa Core/Src/tft.o
                0x0000000008004616                testLines
 .text.testFastLines
                0x0000000008004810       0x76 Core/Src/tft.o
                0x0000000008004810                testFastLines
 .text.testFilledCircles
                0x0000000008004886       0x72 Core/Src/tft.o
                0x0000000008004886                testFilledCircles
 .text.testCircles
                0x00000000080048f8       0x78 Core/Src/tft.o
                0x00000000080048f8                testCircles
 .text.drawChar
                0x0000000008004970      0x17c Core/Src/tft.o
                0x0000000008004970                drawChar
 .text.write    0x0000000008004aec      0x14c Core/Src/tft.o
                0x0000000008004aec                write
 .text.setFont  0x0000000008004c38       0x54 Core/Src/tft.o
                0x0000000008004c38                setFont
 .text.printnewtstr
                0x0000000008004c8c       0x64 Core/Src/tft.o
                0x0000000008004c8c                printnewtstr
 .text.setCursor
                0x0000000008004cf0       0x34 Core/Src/tft.o
                0x0000000008004cf0                setCursor
 .text.getRotation
                0x0000000008004d24       0x18 Core/Src/tft.o
                0x0000000008004d24                getRotation
 .text.scrollup
                0x0000000008004d3c       0x78 Core/Src/tft.o
                0x0000000008004d3c                scrollup
 .text.Reset_Handler
                0x0000000008004db4       0x50 Core/Startup/startup_stm32f446retx.o
                0x0000000008004db4                Reset_Handler
 .text.Default_Handler
                0x0000000008004e04        0x2 Core/Startup/startup_stm32f446retx.o
                0x0000000008004e04                RTC_Alarm_IRQHandler
                0x0000000008004e04                EXTI2_IRQHandler
                0x0000000008004e04                TIM8_CC_IRQHandler
                0x0000000008004e04                FMPI2C1_EV_IRQHandler
                0x0000000008004e04                SPI4_IRQHandler
                0x0000000008004e04                TIM1_CC_IRQHandler
                0x0000000008004e04                DMA2_Stream5_IRQHandler
                0x0000000008004e04                DMA1_Stream5_IRQHandler
                0x0000000008004e04                PVD_IRQHandler
                0x0000000008004e04                SDIO_IRQHandler
                0x0000000008004e04                TAMP_STAMP_IRQHandler
                0x0000000008004e04                CAN2_RX1_IRQHandler
                0x0000000008004e04                EXTI3_IRQHandler
                0x0000000008004e04                TIM8_TRG_COM_TIM14_IRQHandler
                0x0000000008004e04                TIM1_UP_TIM10_IRQHandler
                0x0000000008004e04                TIM8_UP_TIM13_IRQHandler
                0x0000000008004e04                I2C3_ER_IRQHandler
                0x0000000008004e04                EXTI0_IRQHandler
                0x0000000008004e04                I2C2_EV_IRQHandler
                0x0000000008004e04                DMA1_Stream2_IRQHandler
                0x0000000008004e04                CAN1_RX0_IRQHandler
                0x0000000008004e04                FPU_IRQHandler
                0x0000000008004e04                OTG_HS_WKUP_IRQHandler
                0x0000000008004e04                CAN2_SCE_IRQHandler
                0x0000000008004e04                DMA2_Stream2_IRQHandler
                0x0000000008004e04                SPI1_IRQHandler
                0x0000000008004e04                TIM6_DAC_IRQHandler
                0x0000000008004e04                TIM1_BRK_TIM9_IRQHandler
                0x0000000008004e04                DCMI_IRQHandler
                0x0000000008004e04                CAN2_RX0_IRQHandler
                0x0000000008004e04                DMA2_Stream3_IRQHandler
                0x0000000008004e04                SAI2_IRQHandler
                0x0000000008004e04                USART6_IRQHandler
                0x0000000008004e04                USART3_IRQHandler
                0x0000000008004e04                CAN1_RX1_IRQHandler
                0x0000000008004e04                UART5_IRQHandler
                0x0000000008004e04                DMA2_Stream0_IRQHandler
                0x0000000008004e04                TIM4_IRQHandler
                0x0000000008004e04                QUADSPI_IRQHandler
                0x0000000008004e04                I2C1_EV_IRQHandler
                0x0000000008004e04                DMA1_Stream6_IRQHandler
                0x0000000008004e04                DMA1_Stream1_IRQHandler
                0x0000000008004e04                UART4_IRQHandler
                0x0000000008004e04                TIM3_IRQHandler
                0x0000000008004e04                RCC_IRQHandler
                0x0000000008004e04                TIM8_BRK_TIM12_IRQHandler
                0x0000000008004e04                Default_Handler
                0x0000000008004e04                CEC_IRQHandler
                0x0000000008004e04                EXTI15_10_IRQHandler
                0x0000000008004e04                ADC_IRQHandler
                0x0000000008004e04                DMA1_Stream7_IRQHandler
                0x0000000008004e04                TIM7_IRQHandler
                0x0000000008004e04                CAN2_TX_IRQHandler
                0x0000000008004e04                TIM5_IRQHandler
                0x0000000008004e04                DMA2_Stream7_IRQHandler
                0x0000000008004e04                I2C3_EV_IRQHandler
                0x0000000008004e04                EXTI9_5_IRQHandler
                0x0000000008004e04                RTC_WKUP_IRQHandler
                0x0000000008004e04                SPDIF_RX_IRQHandler
                0x0000000008004e04                SPI2_IRQHandler
                0x0000000008004e04                OTG_HS_EP1_IN_IRQHandler
                0x0000000008004e04                DMA1_Stream0_IRQHandler
                0x0000000008004e04                CAN1_TX_IRQHandler
                0x0000000008004e04                FMPI2C1_ER_IRQHandler
                0x0000000008004e04                EXTI4_IRQHandler
                0x0000000008004e04                OTG_HS_EP1_OUT_IRQHandler
                0x0000000008004e04                WWDG_IRQHandler
                0x0000000008004e04                TIM2_IRQHandler
                0x0000000008004e04                OTG_FS_WKUP_IRQHandler
                0x0000000008004e04                TIM1_TRG_COM_TIM11_IRQHandler
                0x0000000008004e04                OTG_HS_IRQHandler
                0x0000000008004e04                EXTI1_IRQHandler
                0x0000000008004e04                USART2_IRQHandler
                0x0000000008004e04                I2C2_ER_IRQHandler
                0x0000000008004e04                DMA2_Stream1_IRQHandler
                0x0000000008004e04                CAN1_SCE_IRQHandler
                0x0000000008004e04                FLASH_IRQHandler
                0x0000000008004e04                DMA2_Stream4_IRQHandler
                0x0000000008004e04                USART1_IRQHandler
                0x0000000008004e04                OTG_FS_IRQHandler
                0x0000000008004e04                SPI3_IRQHandler
                0x0000000008004e04                DMA1_Stream4_IRQHandler
                0x0000000008004e04                I2C1_ER_IRQHandler
                0x0000000008004e04                FMC_IRQHandler
                0x0000000008004e04                DMA2_Stream6_IRQHandler
                0x0000000008004e04                SAI1_IRQHandler
                0x0000000008004e04                DMA1_Stream3_IRQHandler
 *fill*         0x0000000008004e06        0x2 
 .text.HAL_Init
                0x0000000008004e08       0x44 Drivers/STM32F4xx_HAL_Driver/Src/stm32f4xx_hal.o
                0x0000000008004e08                HAL_Init
 .text.HAL_InitTick
                0x0000000008004e4c       0x60 Drivers/STM32F4xx_HAL_Driver/Src/stm32f4xx_hal.o
                0x0000000008004e4c                HAL_InitTick
 .text.HAL_IncTick
                0x0000000008004eac       0x28 Drivers/STM32F4xx_HAL_Driver/Src/stm32f4xx_hal.o
                0x0000000008004eac                HAL_IncTick
 .text.HAL_GetTick
                0x0000000008004ed4       0x18 Drivers/STM32F4xx_HAL_Driver/Src/stm32f4xx_hal.o
                0x0000000008004ed4                HAL_GetTick
 .text.HAL_Delay
                0x0000000008004eec       0x44 Drivers/STM32F4xx_HAL_Driver/Src/stm32f4xx_hal.o
                0x0000000008004eec                HAL_Delay
 .text.__NVIC_SetPriorityGrouping
                0x0000000008004f30       0x48 Drivers/STM32F4xx_HAL_Driver/Src/stm32f4xx_hal_cortex.o
 .text.__NVIC_GetPriorityGrouping
                0x0000000008004f78       0x1c Drivers/STM32F4xx_HAL_Driver/Src/stm32f4xx_hal_cortex.o
 .text.__NVIC_SetPriority
                0x0000000008004f94       0x54 Drivers/STM32F4xx_HAL_Driver/Src/stm32f4xx_hal_cortex.o
 .text.NVIC_EncodePriority
                0x0000000008004fe8       0x66 Drivers/STM32F4xx_HAL_Driver/Src/stm32f4xx_hal_cortex.o
 *fill*         0x000000000800504e        0x2 
 .text.SysTick_Config
                0x0000000008005050       0x44 Drivers/STM32F4xx_HAL_Driver/Src/stm32f4xx_hal_cortex.o
 .text.HAL_NVIC_SetPriorityGrouping
                0x0000000008005094       0x16 Drivers/STM32F4xx_HAL_Driver/Src/stm32f4xx_hal_cortex.o
                0x0000000008005094                HAL_NVIC_SetPriorityGrouping
 .text.HAL_NVIC_SetPriority
                0x00000000080050aa       0x38 Drivers/STM32F4xx_HAL_Driver/Src/stm32f4xx_hal_cortex.o
                0x00000000080050aa                HAL_NVIC_SetPriority
 .text.HAL_SYSTICK_Config
                0x00000000080050e2       0x18 Drivers/STM32F4xx_HAL_Driver/Src/stm32f4xx_hal_cortex.o
                0x00000000080050e2                HAL_SYSTICK_Config
 *fill*         0x00000000080050fa        0x2 
 .text.HAL_GPIO_Init
                0x00000000080050fc      0x324 Drivers/STM32F4xx_HAL_Driver/Src/stm32f4xx_hal_gpio.o
                0x00000000080050fc                HAL_GPIO_Init
 .text.HAL_GPIO_WritePin
                0x0000000008005420       0x32 Drivers/STM32F4xx_HAL_Driver/Src/stm32f4xx_hal_gpio.o
                0x0000000008005420                HAL_GPIO_WritePin
 *fill*         0x0000000008005452        0x2 
 .text.HAL_RCC_ClockConfig
                0x0000000008005454      0x1cc Drivers/STM32F4xx_HAL_Driver/Src/stm32f4xx_hal_rcc.o
                0x0000000008005454                HAL_RCC_ClockConfig
 .text.HAL_RCC_GetHCLKFreq
                0x0000000008005620       0x18 Drivers/STM32F4xx_HAL_Driver/Src/stm32f4xx_hal_rcc.o
                0x0000000008005620                HAL_RCC_GetHCLKFreq
 .text.HAL_RCC_GetPCLK1Freq
                0x0000000008005638       0x28 Drivers/STM32F4xx_HAL_Driver/Src/stm32f4xx_hal_rcc.o
                0x0000000008005638                HAL_RCC_GetPCLK1Freq
 .text.HAL_RCC_GetPCLK2Freq
                0x0000000008005660       0x28 Drivers/STM32F4xx_HAL_Driver/Src/stm32f4xx_hal_rcc.o
                0x0000000008005660                HAL_RCC_GetPCLK2Freq
 .text.HAL_RCC_GetSysClockFreq
                0x0000000008005688      0x340 Drivers/STM32F4xx_HAL_Driver/Src/stm32f4xx_hal_rcc_ex.o
                0x0000000008005688                HAL_RCC_GetSysClockFreq
 .text.HAL_RCC_OscConfig
                0x00000000080059c8      0x4b4 Drivers/STM32F4xx_HAL_Driver/Src/stm32f4xx_hal_rcc_ex.o
                0x00000000080059c8                HAL_RCC_OscConfig
 .text.HAL_TIM_Base_Init
                0x0000000008005e7c       0x56 Drivers/STM32F4xx_HAL_Driver/Src/stm32f4xx_hal_tim.o
                0x0000000008005e7c                HAL_TIM_Base_Init
 .text.HAL_TIM_Base_Start
                0x0000000008005ed2       0x48 Drivers/STM32F4xx_HAL_Driver/Src/stm32f4xx_hal_tim.o
                0x0000000008005ed2                HAL_TIM_Base_Start
 .text.HAL_TIM_ConfigClockSource
                0x0000000008005f1a      0x16e Drivers/STM32F4xx_HAL_Driver/Src/stm32f4xx_hal_tim.o
                0x0000000008005f1a                HAL_TIM_ConfigClockSource
 .text.TIM_Base_SetConfig
                0x0000000008006088      0x140 Drivers/STM32F4xx_HAL_Driver/Src/stm32f4xx_hal_tim.o
                0x0000000008006088                TIM_Base_SetConfig
 .text.TIM_TI1_ConfigInputStage
                0x00000000080061c8       0x5e Drivers/STM32F4xx_HAL_Driver/Src/stm32f4xx_hal_tim.o
 .text.TIM_TI2_ConfigInputStage
                0x0000000008006226       0x60 Drivers/STM32F4xx_HAL_Driver/Src/stm32f4xx_hal_tim.o
 .text.TIM_ITRx_SetConfig
                0x0000000008006286       0x36 Drivers/STM32F4xx_HAL_Driver/Src/stm32f4xx_hal_tim.o
 .text.TIM_ETR_SetConfig
                0x00000000080062bc       0x40 Drivers/STM32F4xx_HAL_Driver/Src/stm32f4xx_hal_tim.o
                0x00000000080062bc                TIM_ETR_SetConfig
 .text.HAL_TIMEx_MasterConfigSynchronization
                0x00000000080062fc       0xf8 Drivers/STM32F4xx_HAL_Driver/Src/stm32f4xx_hal_tim_ex.o
                0x00000000080062fc                HAL_TIMEx_MasterConfigSynchronization
 .text.HAL_UART_Init
                0x00000000080063f4       0x9a Drivers/STM32F4xx_HAL_Driver/Src/stm32f4xx_hal_uart.o
                0x00000000080063f4                HAL_UART_Init
 *fill*         0x000000000800648e        0x2 
 .text.UART_SetConfig
                0x0000000008006490      0x6f8 Drivers/STM32F4xx_HAL_Driver/Src/stm32f4xx_hal_uart.o
 .text.__libc_init_array
                0x0000000008006b88       0x48 c:/st/stm32cubeide_1.5.0/stm32cubeide/plugins/com.st.stm32cube.ide.mcu.externaltools.gnu-tools-for-stm32.7-2018-q2-update.win32_1.5.0.202011040924/tools/bin/../lib/gcc/arm-none-eabi/7.3.1/../../../../arm-none-eabi/lib/thumb/v7e-m/fpv4-sp/hard\libc_nano.a(lib_a-init.o)
                0x0000000008006b88                __libc_init_array
 .text.memset   0x0000000008006bd0       0x10 c:/st/stm32cubeide_1.5.0/stm32cubeide/plugins/com.st.stm32cube.ide.mcu.externaltools.gnu-tools-for-stm32.7-2018-q2-update.win32_1.5.0.202011040924/tools/bin/../lib/gcc/arm-none-eabi/7.3.1/../../../../arm-none-eabi/lib/thumb/v7e-m/fpv4-sp/hard\libc_nano.a(lib_a-memset.o)
                0x0000000008006bd0                memset
 *(.glue_7)
 .glue_7        0x0000000008006be0        0x0 linker stubs
 *(.glue_7t)
 .glue_7t       0x0000000008006be0        0x0 linker stubs
 *(.eh_frame)
 .eh_frame      0x0000000008006be0        0x0 c:/st/stm32cubeide_1.5.0/stm32cubeide/plugins/com.st.stm32cube.ide.mcu.externaltools.gnu-tools-for-stm32.7-2018-q2-update.win32_1.5.0.202011040924/tools/bin/../lib/gcc/arm-none-eabi/7.3.1/thumb/v7e-m/fpv4-sp/hard/crtbegin.o
 *(.init)
 .init          0x0000000008006be0        0x4 c:/st/stm32cubeide_1.5.0/stm32cubeide/plugins/com.st.stm32cube.ide.mcu.externaltools.gnu-tools-for-stm32.7-2018-q2-update.win32_1.5.0.202011040924/tools/bin/../lib/gcc/arm-none-eabi/7.3.1/thumb/v7e-m/fpv4-sp/hard/crti.o
                0x0000000008006be0                _init
 .init          0x0000000008006be4        0x8 c:/st/stm32cubeide_1.5.0/stm32cubeide/plugins/com.st.stm32cube.ide.mcu.externaltools.gnu-tools-for-stm32.7-2018-q2-update.win32_1.5.0.202011040924/tools/bin/../lib/gcc/arm-none-eabi/7.3.1/thumb/v7e-m/fpv4-sp/hard/crtn.o
 *(.fini)
 .fini          0x0000000008006bec        0x4 c:/st/stm32cubeide_1.5.0/stm32cubeide/plugins/com.st.stm32cube.ide.mcu.externaltools.gnu-tools-for-stm32.7-2018-q2-update.win32_1.5.0.202011040924/tools/bin/../lib/gcc/arm-none-eabi/7.3.1/thumb/v7e-m/fpv4-sp/hard/crti.o
                0x0000000008006bec                _fini
 .fini          0x0000000008006bf0        0x8 c:/st/stm32cubeide_1.5.0/stm32cubeide/plugins/com.st.stm32cube.ide.mcu.externaltools.gnu-tools-for-stm32.7-2018-q2-update.win32_1.5.0.202011040924/tools/bin/../lib/gcc/arm-none-eabi/7.3.1/thumb/v7e-m/fpv4-sp/hard/crtn.o
                0x0000000008006bf8                . = ALIGN (0x4)
                0x0000000008006bf8                _etext = .

.vfp11_veneer   0x0000000008006bf8        0x0
 .vfp11_veneer  0x0000000008006bf8        0x0 linker stubs

.v4_bx          0x0000000008006bf8        0x0
 .v4_bx         0x0000000008006bf8        0x0 linker stubs

.iplt           0x0000000008006bf8        0x0
 .iplt          0x0000000008006bf8        0x0 c:/st/stm32cubeide_1.5.0/stm32cubeide/plugins/com.st.stm32cube.ide.mcu.externaltools.gnu-tools-for-stm32.7-2018-q2-update.win32_1.5.0.202011040924/tools/bin/../lib/gcc/arm-none-eabi/7.3.1/thumb/v7e-m/fpv4-sp/hard/crtbegin.o

.rodata         0x0000000008006bf8      0xf2c
                0x0000000008006bf8                . = ALIGN (0x4)
 *(.rodata)
 .rodata        0x0000000008006bf8        0xb Core/Src/main.o
 *fill*         0x0000000008006c03        0x1 
 .rodata        0x0000000008006c04        0x3 Core/Src/tft.o
 *(.rodata*)
 *fill*         0x0000000008006c07        0x1 
 .rodata.FreeMonoBold12pt7bBitmaps
                0x0000000008006c08      0x6c2 Core/Src/fonts.o
                0x0000000008006c08                FreeMonoBold12pt7bBitmaps
 *fill*         0x00000000080072ca        0x2 
 .rodata.FreeMonoBold12pt7bGlyphs
                0x00000000080072cc      0x2f8 Core/Src/fonts.o
                0x00000000080072cc                FreeMonoBold12pt7bGlyphs
 .rodata.mono12x7bold
                0x00000000080075c4        0xc Core/Src/fonts.o
                0x00000000080075c4                mono12x7bold
 .rodata.AHBPrescTable
                0x00000000080075d0       0x10 Core/Src/system_stm32f4xx.o
                0x00000000080075d0                AHBPrescTable
 .rodata.APBPrescTable
                0x00000000080075e0        0x8 Core/Src/system_stm32f4xx.o
                0x00000000080075e0                APBPrescTable
 .rodata.R61511_regValues.9340
                0x00000000080075e8        0x3 Core/Src/tft.o
 *fill*         0x00000000080075eb        0x1 
 .rodata.R61520_regValues.9343
                0x00000000080075ec        0x6 Core/Src/tft.o
 *fill*         0x00000000080075f2        0x2 
 .rodata.R61526_regValues.9345
                0x00000000080075f4        0xc Core/Src/tft.o
 .rodata.NT35310_regValues.9347
                0x0000000008007600        0x2 Core/Src/tft.o
 *fill*         0x0000000008007602        0x2 
 .rodata.ST7789_regValues.9349
                0x0000000008007604       0x41 Core/Src/tft.o
 *fill*         0x0000000008007645        0x3 
 .rodata.FK8031_regValues.9352
                0x0000000008007648       0x12 Core/Src/tft.o
 *fill*         0x000000000800765a        0x2 
 .rodata.HX8357C_regValues.9356
                0x000000000800765c        0x2 Core/Src/tft.o
 *fill*         0x000000000800765e        0x2 
 .rodata.HX8357_99_regValues.9358
                0x0000000008007660       0x1d Core/Src/tft.o
 *fill*         0x000000000800767d        0x3 
 .rodata.ILI9320_regValues.9364
                0x0000000008007680       0xd8 Core/Src/tft.o
 .rodata.ILI9325_regValues.9371
                0x0000000008007758       0xcc Core/Src/tft.o
 .rodata.ILI9327_regValues.9373
                0x0000000008007824       0x1e Core/Src/tft.o
 *fill*         0x0000000008007842        0x2 
 .rodata.XX1602_regValues.9375
                0x0000000008007844        0x6 Core/Src/tft.o
 *fill*         0x000000000800784a        0x2 
 .rodata.ILI9329_regValues.9382
                0x000000000800784c        0x3 Core/Src/tft.o
 *fill*         0x000000000800784f        0x1 
 .rodata.ILI9341_regValues_2_4.9386
                0x0000000008007850       0x65 Core/Src/tft.o
 *fill*         0x00000000080078b5        0x3 
 .rodata.ILI9342_regValues_CPT24.9389
                0x00000000080078b8       0x38 Core/Src/tft.o
 .rodata.ILI9481_regValues.9395
                0x00000000080078f0       0x45 Core/Src/tft.o
 *fill*         0x0000000008007935        0x3 
 .rodata.ILI9486_regValues.9402
                0x0000000008007938       0x3b Core/Src/tft.o
 *fill*         0x0000000008007973        0x1 
 .rodata.ILI9488_regValues_max.9407
                0x0000000008007974       0x2b Core/Src/tft.o
 *fill*         0x000000000800799f        0x1 
 .rodata.R61505V_regValues.9410
                0x00000000080079a0       0xb0 Core/Src/tft.o
 .rodata.R61509V_regValues.9413
                0x0000000008007a50       0xc0 Core/Src/tft.o
 .rodata.reset_off.9415
                0x0000000008007b10        0x9 Core/Src/tft.o
 *fill*         0x0000000008007b19        0x3 
 .rodata.wake_on.9416
                0x0000000008007b1c        0x6 Core/Src/tft.o
                0x0000000008007b24                . = ALIGN (0x4)
 *fill*         0x0000000008007b22        0x2 

.ARM.extab      0x0000000008007b24        0x0
                0x0000000008007b24                . = ALIGN (0x4)
 *(.ARM.extab* .gnu.linkonce.armextab.*)
                0x0000000008007b24                . = ALIGN (0x4)

.ARM            0x0000000008007b24        0x8
                0x0000000008007b24                . = ALIGN (0x4)
                0x0000000008007b24                __exidx_start = .
 *(.ARM.exidx*)
 .ARM.exidx     0x0000000008007b24        0x8 c:/st/stm32cubeide_1.5.0/stm32cubeide/plugins/com.st.stm32cube.ide.mcu.externaltools.gnu-tools-for-stm32.7-2018-q2-update.win32_1.5.0.202011040924/tools/bin/../lib/gcc/arm-none-eabi/7.3.1/thumb/v7e-m/fpv4-sp/hard\libgcc.a(_udivmoddi4.o)
                0x0000000008007b2c                __exidx_end = .
                0x0000000008007b2c                . = ALIGN (0x4)

.rel.dyn        0x0000000008007b2c        0x0
 .rel.iplt      0x0000000008007b2c        0x0 c:/st/stm32cubeide_1.5.0/stm32cubeide/plugins/com.st.stm32cube.ide.mcu.externaltools.gnu-tools-for-stm32.7-2018-q2-update.win32_1.5.0.202011040924/tools/bin/../lib/gcc/arm-none-eabi/7.3.1/thumb/v7e-m/fpv4-sp/hard/crtbegin.o

.preinit_array  0x0000000008007b2c        0x0
                0x0000000008007b2c                . = ALIGN (0x4)
                0x0000000008007b2c                PROVIDE (__preinit_array_start = .)
 *(.preinit_array*)
                0x0000000008007b2c                PROVIDE (__preinit_array_end = .)
                0x0000000008007b2c                . = ALIGN (0x4)

.init_array     0x0000000008007b2c        0x4
                0x0000000008007b2c                . = ALIGN (0x4)
                0x0000000008007b2c                PROVIDE (__init_array_start = .)
 *(SORT_BY_NAME(.init_array.*))
 *(.init_array*)
 .init_array    0x0000000008007b2c        0x4 c:/st/stm32cubeide_1.5.0/stm32cubeide/plugins/com.st.stm32cube.ide.mcu.externaltools.gnu-tools-for-stm32.7-2018-q2-update.win32_1.5.0.202011040924/tools/bin/../lib/gcc/arm-none-eabi/7.3.1/thumb/v7e-m/fpv4-sp/hard/crtbegin.o
                0x0000000008007b30                PROVIDE (__init_array_end = .)
                0x0000000008007b30                . = ALIGN (0x4)

.fini_array     0x0000000008007b30        0x4
                0x0000000008007b30                . = ALIGN (0x4)
                [!provide]                        PROVIDE (__fini_array_start = .)
 *(SORT_BY_NAME(.fini_array.*))
 *(.fini_array*)
 .fini_array    0x0000000008007b30        0x4 c:/st/stm32cubeide_1.5.0/stm32cubeide/plugins/com.st.stm32cube.ide.mcu.externaltools.gnu-tools-for-stm32.7-2018-q2-update.win32_1.5.0.202011040924/tools/bin/../lib/gcc/arm-none-eabi/7.3.1/thumb/v7e-m/fpv4-sp/hard/crtbegin.o
                [!provide]                        PROVIDE (__fini_array_end = .)
                0x0000000008007b34                . = ALIGN (0x4)
                0x0000000008007b34                _sidata = LOADADDR (.data)

.data           0x0000000020000000       0x18 load address 0x0000000008007b34
                0x0000000020000000                . = ALIGN (0x4)
                0x0000000020000000                _sdata = .
 *(.data)
 *(.data*)
 .data.SystemCoreClock
                0x0000000020000000        0x4 Core/Src/system_stm32f4xx.o
                0x0000000020000000                SystemCoreClock
 .data._width   0x0000000020000004        0x2 Core/Src/tft.o
                0x0000000020000004                _width
 .data._height  0x0000000020000006        0x2 Core/Src/tft.o
                0x0000000020000006                _height
 .data.textsize
                0x0000000020000008        0x1 Core/Src/tft.o
                0x0000000020000008                textsize
 *fill*         0x0000000020000009        0x1 
 .data.textcolor
                0x000000002000000a        0x2 Core/Src/tft.o
                0x000000002000000a                textcolor
 .data.textbgcolor
                0x000000002000000c        0x2 Core/Src/tft.o
                0x000000002000000c                textbgcolor
 .data.wrap     0x000000002000000e        0x1 Core/Src/tft.o
                0x000000002000000e                wrap
 *fill*         0x000000002000000f        0x1 
 .data.uwTickPrio
                0x0000000020000010        0x4 Drivers/STM32F4xx_HAL_Driver/Src/stm32f4xx_hal.o
                0x0000000020000010                uwTickPrio
 .data.uwTickFreq
                0x0000000020000014        0x1 Drivers/STM32F4xx_HAL_Driver/Src/stm32f4xx_hal.o
                0x0000000020000014                uwTickFreq
                0x0000000020000018                . = ALIGN (0x4)
 *fill*         0x0000000020000015        0x3 
                0x0000000020000018                _edata = .

.igot.plt       0x0000000020000018        0x0 load address 0x0000000008007b4c
 .igot.plt      0x0000000020000018        0x0 c:/st/stm32cubeide_1.5.0/stm32cubeide/plugins/com.st.stm32cube.ide.mcu.externaltools.gnu-tools-for-stm32.7-2018-q2-update.win32_1.5.0.202011040924/tools/bin/../lib/gcc/arm-none-eabi/7.3.1/thumb/v7e-m/fpv4-sp/hard/crtbegin.o
                0x0000000020000018                . = ALIGN (0x4)

.bss            0x0000000020000018       0xcc load address 0x0000000008007b4c
                0x0000000020000018                _sbss = .
                0x0000000020000018                __bss_start__ = _sbss
 *(.bss)
 .bss           0x0000000020000018       0x1c c:/st/stm32cubeide_1.5.0/stm32cubeide/plugins/com.st.stm32cube.ide.mcu.externaltools.gnu-tools-for-stm32.7-2018-q2-update.win32_1.5.0.202011040924/tools/bin/../lib/gcc/arm-none-eabi/7.3.1/thumb/v7e-m/fpv4-sp/hard/crtbegin.o
 *(.bss*)
 .bss.ID        0x0000000020000034        0x2 Core/Src/main.o
                0x0000000020000034                ID
 .bss.done_reset
                0x0000000020000036        0x1 Core/Src/tft.o
 .bss.is8347    0x0000000020000037        0x1 Core/Src/tft.o
 .bss.is555     0x0000000020000038        0x1 Core/Src/tft.o
 .bss.is9797    0x0000000020000039        0x1 Core/Src/tft.o
 .bss.cursor_y  0x000000002000003a        0x1 Core/Src/tft.o
                0x000000002000003a                cursor_y
 .bss.cursor_x  0x000000002000003b        0x1 Core/Src/tft.o
                0x000000002000003b                cursor_x
 .bss.rotation  0x000000002000003c        0x1 Core/Src/tft.o
                0x000000002000003c                rotation
 *(COMMON)
 *fill*         0x000000002000003d        0x3 
 COMMON         0x0000000020000040        0x4 Core/Src/fonts.o
                0x0000000020000040                gfxFont
 COMMON         0x0000000020000044       0x80 Core/Src/main.o
                0x0000000020000044                htim1
                0x0000000020000084                huart2
 COMMON         0x00000000200000c4       0x1a Core/Src/tft.o
                0x00000000200000c4                _lcd_drivOut
                0x00000000200000c6                _MW
                0x00000000200000c8                _lcd_capable
                0x00000000200000ca                _SP
                0x00000000200000cc                _lcd_rev
                0x00000000200000ce                _MP
                0x00000000200000d0                _MC
                0x00000000200000d2                _SC
                0x00000000200000d4                _EP
                0x00000000200000d6                _lcd_ID
                0x00000000200000d8                _lcd_xor
                0x00000000200000da                _EC
                0x00000000200000dc                _lcd_madctl
 *fill*         0x00000000200000de        0x2 
 COMMON         0x00000000200000e0        0x4 Drivers/STM32F4xx_HAL_Driver/Src/stm32f4xx_hal.o
                0x00000000200000e0                uwTick
                0x00000000200000e4                . = ALIGN (0x4)
                0x00000000200000e4                _ebss = .
                0x00000000200000e4                __bss_end__ = _ebss

._user_heap_stack
                0x00000000200000e4      0x604 load address 0x0000000008007b4c
                0x00000000200000e8                . = ALIGN (0x8)
 *fill*         0x00000000200000e4        0x4 
                [!provide]                        PROVIDE (end = .)
                0x00000000200000e8                PROVIDE (_end = .)
                0x00000000200002e8                . = (. + _Min_Heap_Size)
 *fill*         0x00000000200000e8      0x200 
                0x00000000200006e8                . = (. + _Min_Stack_Size)
 *fill*         0x00000000200002e8      0x400 
                0x00000000200006e8                . = ALIGN (0x8)

/DISCARD/
 libc.a(*)
 libm.a(*)
 libgcc.a(*)

.ARM.attributes
                0x0000000000000000       0x30
 *(.ARM.attributes)
 .ARM.attributes
                0x0000000000000000       0x22 c:/st/stm32cubeide_1.5.0/stm32cubeide/plugins/com.st.stm32cube.ide.mcu.externaltools.gnu-tools-for-stm32.7-2018-q2-update.win32_1.5.0.202011040924/tools/bin/../lib/gcc/arm-none-eabi/7.3.1/thumb/v7e-m/fpv4-sp/hard/crti.o
 .ARM.attributes
                0x0000000000000022       0x34 c:/st/stm32cubeide_1.5.0/stm32cubeide/plugins/com.st.stm32cube.ide.mcu.externaltools.gnu-tools-for-stm32.7-2018-q2-update.win32_1.5.0.202011040924/tools/bin/../lib/gcc/arm-none-eabi/7.3.1/thumb/v7e-m/fpv4-sp/hard/crtbegin.o
 .ARM.attributes
                0x0000000000000056       0x39 Core/Src/fonts.o
 .ARM.attributes
                0x000000000000008f       0x39 Core/Src/main.o
 .ARM.attributes
                0x00000000000000c8       0x39 Core/Src/stm32f4xx_hal_msp.o
 .ARM.attributes
                0x0000000000000101       0x39 Core/Src/stm32f4xx_it.o
 .ARM.attributes
                0x000000000000013a       0x39 Core/Src/system_stm32f4xx.o
 .ARM.attributes
                0x0000000000000173       0x39 Core/Src/tft.o
 .ARM.attributes
                0x00000000000001ac       0x21 Core/Startup/startup_stm32f446retx.o
 .ARM.attributes
                0x00000000000001cd       0x39 Drivers/STM32F4xx_HAL_Driver/Src/stm32f4xx_hal.o
 .ARM.attributes
                0x0000000000000206       0x39 Drivers/STM32F4xx_HAL_Driver/Src/stm32f4xx_hal_cortex.o
 .ARM.attributes
                0x000000000000023f       0x39 Drivers/STM32F4xx_HAL_Driver/Src/stm32f4xx_hal_gpio.o
 .ARM.attributes
                0x0000000000000278       0x39 Drivers/STM32F4xx_HAL_Driver/Src/stm32f4xx_hal_rcc.o
 .ARM.attributes
                0x00000000000002b1       0x39 Drivers/STM32F4xx_HAL_Driver/Src/stm32f4xx_hal_rcc_ex.o
 .ARM.attributes
                0x00000000000002ea       0x39 Drivers/STM32F4xx_HAL_Driver/Src/stm32f4xx_hal_tim.o
 .ARM.attributes
                0x0000000000000323       0x39 Drivers/STM32F4xx_HAL_Driver/Src/stm32f4xx_hal_tim_ex.o
 .ARM.attributes
                0x000000000000035c       0x39 Drivers/STM32F4xx_HAL_Driver/Src/stm32f4xx_hal_uart.o
 .ARM.attributes
                0x0000000000000395       0x34 c:/st/stm32cubeide_1.5.0/stm32cubeide/plugins/com.st.stm32cube.ide.mcu.externaltools.gnu-tools-for-stm32.7-2018-q2-update.win32_1.5.0.202011040924/tools/bin/../lib/gcc/arm-none-eabi/7.3.1/../../../../arm-none-eabi/lib/thumb/v7e-m/fpv4-sp/hard\libc_nano.a(lib_a-init.o)
 .ARM.attributes
                0x00000000000003c9       0x34 c:/st/stm32cubeide_1.5.0/stm32cubeide/plugins/com.st.stm32cube.ide.mcu.externaltools.gnu-tools-for-stm32.7-2018-q2-update.win32_1.5.0.202011040924/tools/bin/../lib/gcc/arm-none-eabi/7.3.1/../../../../arm-none-eabi/lib/thumb/v7e-m/fpv4-sp/hard\libc_nano.a(lib_a-memset.o)
 .ARM.attributes
                0x00000000000003fd       0x22 c:/st/stm32cubeide_1.5.0/stm32cubeide/plugins/com.st.stm32cube.ide.mcu.externaltools.gnu-tools-for-stm32.7-2018-q2-update.win32_1.5.0.202011040924/tools/bin/../lib/gcc/arm-none-eabi/7.3.1/thumb/v7e-m/fpv4-sp/hard\libgcc.a(_aeabi_uldivmod.o)
 .ARM.attributes
                0x000000000000041f       0x34 c:/st/stm32cubeide_1.5.0/stm32cubeide/plugins/com.st.stm32cube.ide.mcu.externaltools.gnu-tools-for-stm32.7-2018-q2-update.win32_1.5.0.202011040924/tools/bin/../lib/gcc/arm-none-eabi/7.3.1/thumb/v7e-m/fpv4-sp/hard\libgcc.a(_udivmoddi4.o)
 .ARM.attributes
                0x0000000000000453       0x22 c:/st/stm32cubeide_1.5.0/stm32cubeide/plugins/com.st.stm32cube.ide.mcu.externaltools.gnu-tools-for-stm32.7-2018-q2-update.win32_1.5.0.202011040924/tools/bin/../lib/gcc/arm-none-eabi/7.3.1/thumb/v7e-m/fpv4-sp/hard\libgcc.a(_dvmd_tls.o)
 .ARM.attributes
                0x0000000000000475       0x22 c:/st/stm32cubeide_1.5.0/stm32cubeide/plugins/com.st.stm32cube.ide.mcu.externaltools.gnu-tools-for-stm32.7-2018-q2-update.win32_1.5.0.202011040924/tools/bin/../lib/gcc/arm-none-eabi/7.3.1/thumb/v7e-m/fpv4-sp/hard/crtn.o
OUTPUT(F446RE-TFT LCD.elf elf32-littlearm)

.debug_info     0x0000000000000000     0xdb91
 .debug_info    0x0000000000000000      0x392 Core/Src/fonts.o
 .debug_info    0x0000000000000392      0xff2 Core/Src/main.o
 .debug_info    0x0000000000001384      0xc4d Core/Src/stm32f4xx_hal_msp.o
 .debug_info    0x0000000000001fd1      0x20a Core/Src/stm32f4xx_it.o
 .debug_info    0x00000000000021db      0x588 Core/Src/system_stm32f4xx.o
 .debug_info    0x0000000000002763     0x38c7 Core/Src/tft.o
 .debug_info    0x000000000000602a       0x22 Core/Startup/startup_stm32f446retx.o
 .debug_info    0x000000000000604c      0x997 Drivers/STM32F4xx_HAL_Driver/Src/stm32f4xx_hal.o
 .debug_info    0x00000000000069e3      0xe46 Drivers/STM32F4xx_HAL_Driver/Src/stm32f4xx_hal_cortex.o
 .debug_info    0x0000000000007829      0x803 Drivers/STM32F4xx_HAL_Driver/Src/stm32f4xx_hal_gpio.o
 .debug_info    0x000000000000802c      0x944 Drivers/STM32F4xx_HAL_Driver/Src/stm32f4xx_hal_rcc.o
 .debug_info    0x0000000000008970      0x9d5 Drivers/STM32F4xx_HAL_Driver/Src/stm32f4xx_hal_rcc_ex.o
 .debug_info    0x0000000000009345     0x24a9 Drivers/STM32F4xx_HAL_Driver/Src/stm32f4xx_hal_tim.o
 .debug_info    0x000000000000b7ee     0x1157 Drivers/STM32F4xx_HAL_Driver/Src/stm32f4xx_hal_tim_ex.o
 .debug_info    0x000000000000c945     0x124c Drivers/STM32F4xx_HAL_Driver/Src/stm32f4xx_hal_uart.o

.debug_abbrev   0x0000000000000000     0x1bf7
 .debug_abbrev  0x0000000000000000       0xca Core/Src/fonts.o
 .debug_abbrev  0x00000000000000ca      0x253 Core/Src/main.o
 .debug_abbrev  0x000000000000031d      0x1b7 Core/Src/stm32f4xx_hal_msp.o
 .debug_abbrev  0x00000000000004d4       0xc6 Core/Src/stm32f4xx_it.o
 .debug_abbrev  0x000000000000059a      0x12b Core/Src/system_stm32f4xx.o
 .debug_abbrev  0x00000000000006c5      0x405 Core/Src/tft.o
 .debug_abbrev  0x0000000000000aca       0x12 Core/Startup/startup_stm32f446retx.o
 .debug_abbrev  0x0000000000000adc      0x1c7 Drivers/STM32F4xx_HAL_Driver/Src/stm32f4xx_hal.o
 .debug_abbrev  0x0000000000000ca3      0x2fa Drivers/STM32F4xx_HAL_Driver/Src/stm32f4xx_hal_cortex.o
 .debug_abbrev  0x0000000000000f9d      0x1c9 Drivers/STM32F4xx_HAL_Driver/Src/stm32f4xx_hal_gpio.o
 .debug_abbrev  0x0000000000001166      0x245 Drivers/STM32F4xx_HAL_Driver/Src/stm32f4xx_hal_rcc.o
 .debug_abbrev  0x00000000000013ab      0x1bc Drivers/STM32F4xx_HAL_Driver/Src/stm32f4xx_hal_rcc_ex.o
 .debug_abbrev  0x0000000000001567      0x230 Drivers/STM32F4xx_HAL_Driver/Src/stm32f4xx_hal_tim.o
 .debug_abbrev  0x0000000000001797      0x21e Drivers/STM32F4xx_HAL_Driver/Src/stm32f4xx_hal_tim_ex.o
 .debug_abbrev  0x00000000000019b5      0x242 Drivers/STM32F4xx_HAL_Driver/Src/stm32f4xx_hal_uart.o

.debug_aranges  0x0000000000000000      0xe20
 .debug_aranges
                0x0000000000000000       0x18 Core/Src/fonts.o
 .debug_aranges
                0x0000000000000018       0x50 Core/Src/main.o
 .debug_aranges
                0x0000000000000068       0x40 Core/Src/stm32f4xx_hal_msp.o
 .debug_aranges
                0x00000000000000a8       0x60 Core/Src/stm32f4xx_it.o
 .debug_aranges
                0x0000000000000108       0x28 Core/Src/system_stm32f4xx.o
 .debug_aranges
                0x0000000000000130      0x2a0 Core/Src/tft.o
 .debug_aranges
                0x00000000000003d0       0x28 Core/Startup/startup_stm32f446retx.o
 .debug_aranges
                0x00000000000003f8       0xf0 Drivers/STM32F4xx_HAL_Driver/Src/stm32f4xx_hal.o
 .debug_aranges
                0x00000000000004e8      0x118 Drivers/STM32F4xx_HAL_Driver/Src/stm32f4xx_hal_cortex.o
 .debug_aranges
                0x0000000000000600       0x58 Drivers/STM32F4xx_HAL_Driver/Src/stm32f4xx_hal_gpio.o
 .debug_aranges
                0x0000000000000658       0x88 Drivers/STM32F4xx_HAL_Driver/Src/stm32f4xx_hal_rcc.o
 .debug_aranges
                0x00000000000006e0       0x78 Drivers/STM32F4xx_HAL_Driver/Src/stm32f4xx_hal_rcc_ex.o
 .debug_aranges
                0x0000000000000758      0x3a8 Drivers/STM32F4xx_HAL_Driver/Src/stm32f4xx_hal_tim.o
 .debug_aranges
                0x0000000000000b00      0x150 Drivers/STM32F4xx_HAL_Driver/Src/stm32f4xx_hal_tim_ex.o
 .debug_aranges
                0x0000000000000c50      0x1d0 Drivers/STM32F4xx_HAL_Driver/Src/stm32f4xx_hal_uart.o

.debug_macro    0x0000000000000000    0x217d7
 .debug_macro   0x0000000000000000       0x6d Core/Src/fonts.o
 .debug_macro   0x000000000000006d      0xa5a Core/Src/fonts.o
 .debug_macro   0x0000000000000ac7       0x22 Core/Src/fonts.o
 .debug_macro   0x0000000000000ae9       0x8e Core/Src/fonts.o
 .debug_macro   0x0000000000000b77       0x51 Core/Src/fonts.o
 .debug_macro   0x0000000000000bc8       0xef Core/Src/fonts.o
 .debug_macro   0x0000000000000cb7       0x6a Core/Src/fonts.o
 .debug_macro   0x0000000000000d21      0x1df Core/Src/fonts.o
 .debug_macro   0x0000000000000f00      0x20c Core/Src/main.o
 .debug_macro   0x000000000000110c      0x294 Core/Src/main.o
 .debug_macro   0x00000000000013a0       0x2e Core/Src/main.o
 .debug_macro   0x00000000000013ce       0x28 Core/Src/main.o
 .debug_macro   0x00000000000013f6       0x1c Core/Src/main.o
 .debug_macro   0x0000000000001412       0x22 Core/Src/main.o
 .debug_macro   0x0000000000001434       0xdf Core/Src/main.o
 .debug_macro   0x0000000000001513     0x102d Core/Src/main.o
 .debug_macro   0x0000000000002540      0x11f Core/Src/main.o
 .debug_macro   0x000000000000265f    0x1672d Core/Src/main.o
 .debug_macro   0x0000000000018d8c       0x43 Core/Src/main.o
 .debug_macro   0x0000000000018dcf     0x3659 Core/Src/main.o
 .debug_macro   0x000000000001c428      0x174 Core/Src/main.o
 .debug_macro   0x000000000001c59c       0x5a Core/Src/main.o
 .debug_macro   0x000000000001c5f6      0xc90 Core/Src/main.o
 .debug_macro   0x000000000001d286      0x9fe Core/Src/main.o
 .debug_macro   0x000000000001dc84      0x117 Core/Src/main.o
 .debug_macro   0x000000000001dd9b      0x1a0 Core/Src/main.o
 .debug_macro   0x000000000001df3b       0x27 Core/Src/main.o
 .debug_macro   0x000000000001df62      0x16d Core/Src/main.o
 .debug_macro   0x000000000001e0cf      0x287 Core/Src/main.o
 .debug_macro   0x000000000001e356       0x5f Core/Src/main.o
 .debug_macro   0x000000000001e3b5      0x236 Core/Src/main.o
 .debug_macro   0x000000000001e5eb      0x132 Core/Src/main.o
 .debug_macro   0x000000000001e71d      0x29c Core/Src/main.o
 .debug_macro   0x000000000001e9b9       0x2e Core/Src/main.o
 .debug_macro   0x000000000001e9e7      0x11a Core/Src/main.o
 .debug_macro   0x000000000001eb01       0xe8 Core/Src/main.o
 .debug_macro   0x000000000001ebe9       0x89 Core/Src/main.o
 .debug_macro   0x000000000001ec72      0x8a0 Core/Src/main.o
 .debug_macro   0x000000000001f512       0x4d Core/Src/main.o
 .debug_macro   0x000000000001f55f      0x287 Core/Src/main.o
 .debug_macro   0x000000000001f7e6      0x126 Core/Src/main.o
 .debug_macro   0x000000000001f90c       0xe8 Core/Src/main.o
 .debug_macro   0x000000000001f9f4       0x64 Core/Src/main.o
 .debug_macro   0x000000000001fa58       0x3a Core/Src/main.o
 .debug_macro   0x000000000001fa92       0xd1 Core/Src/main.o
 .debug_macro   0x000000000001fb63      0x1dd Core/Src/stm32f4xx_hal_msp.o
 .debug_macro   0x000000000001fd40      0x1e7 Core/Src/stm32f4xx_it.o
 .debug_macro   0x000000000001ff27      0x1d4 Core/Src/system_stm32f4xx.o
 .debug_macro   0x00000000000200fb      0x410 Core/Src/tft.o
 .debug_macro   0x000000000002050b       0x46 Core/Src/tft.o
 .debug_macro   0x0000000000020551      0x32a Core/Src/tft.o
 .debug_macro   0x000000000002087b       0x10 Core/Src/tft.o
 .debug_macro   0x000000000002088b       0x20 Core/Src/tft.o
 .debug_macro   0x00000000000208ab      0x22e Drivers/STM32F4xx_HAL_Driver/Src/stm32f4xx_hal.o
 .debug_macro   0x0000000000020ad9      0x1ce Drivers/STM32F4xx_HAL_Driver/Src/stm32f4xx_hal_cortex.o
 .debug_macro   0x0000000000020ca7      0x204 Drivers/STM32F4xx_HAL_Driver/Src/stm32f4xx_hal_gpio.o
 .debug_macro   0x0000000000020eab      0x1f2 Drivers/STM32F4xx_HAL_Driver/Src/stm32f4xx_hal_rcc.o
 .debug_macro   0x000000000002109d      0x1ce Drivers/STM32F4xx_HAL_Driver/Src/stm32f4xx_hal_rcc_ex.o
 .debug_macro   0x000000000002126b      0x1cf Drivers/STM32F4xx_HAL_Driver/Src/stm32f4xx_hal_tim.o
 .debug_macro   0x000000000002143a      0x1ce Drivers/STM32F4xx_HAL_Driver/Src/stm32f4xx_hal_tim_ex.o
 .debug_macro   0x0000000000021608      0x1cf Drivers/STM32F4xx_HAL_Driver/Src/stm32f4xx_hal_uart.o

.debug_line     0x0000000000000000     0x9e69
 .debug_line    0x0000000000000000      0x38a Core/Src/fonts.o
 .debug_line    0x000000000000038a      0x7be Core/Src/main.o
 .debug_line    0x0000000000000b48      0x717 Core/Src/stm32f4xx_hal_msp.o
 .debug_line    0x000000000000125f      0x765 Core/Src/stm32f4xx_it.o
 .debug_line    0x00000000000019c4      0x6dc Core/Src/system_stm32f4xx.o
 .debug_line    0x00000000000020a0     0x1847 Core/Src/tft.o
 .debug_line    0x00000000000038e7       0x85 Core/Startup/startup_stm32f446retx.o
 .debug_line    0x000000000000396c      0x8c6 Drivers/STM32F4xx_HAL_Driver/Src/stm32f4xx_hal.o
 .debug_line    0x0000000000004232      0x9ea Drivers/STM32F4xx_HAL_Driver/Src/stm32f4xx_hal_cortex.o
 .debug_line    0x0000000000004c1c      0x891 Drivers/STM32F4xx_HAL_Driver/Src/stm32f4xx_hal_gpio.o
 .debug_line    0x00000000000054ad      0x91e Drivers/STM32F4xx_HAL_Driver/Src/stm32f4xx_hal_rcc.o
 .debug_line    0x0000000000005dcb      0xaaf Drivers/STM32F4xx_HAL_Driver/Src/stm32f4xx_hal_rcc_ex.o
 .debug_line    0x000000000000687a     0x193f Drivers/STM32F4xx_HAL_Driver/Src/stm32f4xx_hal_tim.o
 .debug_line    0x00000000000081b9      0xcdc Drivers/STM32F4xx_HAL_Driver/Src/stm32f4xx_hal_tim_ex.o
 .debug_line    0x0000000000008e95      0xfd4 Drivers/STM32F4xx_HAL_Driver/Src/stm32f4xx_hal_uart.o

.debug_str      0x0000000000000000    0xcfc0c
 .debug_str     0x0000000000000000     0x3c85 Core/Src/fonts.o
                                       0x3e15 (size before relaxing)
 .debug_str     0x0000000000003c85    0xc516d Core/Src/main.o
                                      0xc9040 (size before relaxing)
 .debug_str     0x00000000000c8df2       0x8c Core/Src/stm32f4xx_hal_msp.o
                                      0xc8752 (size before relaxing)
 .debug_str     0x00000000000c8e7e       0xbd Core/Src/stm32f4xx_it.o
                                      0xc8010 (size before relaxing)
 .debug_str     0x00000000000c8f3b       0xc4 Core/Src/system_stm32f4xx.o
                                      0xc7e22 (size before relaxing)
 .debug_str     0x00000000000c8fff     0x3f6a Core/Src/tft.o
                                      0xcc81e (size before relaxing)
 .debug_str     0x00000000000ccf69       0x36 Core/Startup/startup_stm32f446retx.o
                                         0x95 (size before relaxing)
 .debug_str     0x00000000000ccf9f      0xa8f Drivers/STM32F4xx_HAL_Driver/Src/stm32f4xx_hal.o
                                      0xc8930 (size before relaxing)
 .debug_str     0x00000000000cda2e      0x399 Drivers/STM32F4xx_HAL_Driver/Src/stm32f4xx_hal_cortex.o
                                      0xc86fa (size before relaxing)
 .debug_str     0x00000000000cddc7      0x1fd Drivers/STM32F4xx_HAL_Driver/Src/stm32f4xx_hal_gpio.o
                                      0xc8061 (size before relaxing)
 .debug_str     0x00000000000cdfc4      0x259 Drivers/STM32F4xx_HAL_Driver/Src/stm32f4xx_hal_rcc.o
                                      0xc8214 (size before relaxing)
 .debug_str     0x00000000000ce21d      0x324 Drivers/STM32F4xx_HAL_Driver/Src/stm32f4xx_hal_rcc_ex.o
                                      0xc8266 (size before relaxing)
 .debug_str     0x00000000000ce541      0xd13 Drivers/STM32F4xx_HAL_Driver/Src/stm32f4xx_hal_tim.o
                                      0xc8f09 (size before relaxing)
 .debug_str     0x00000000000cf254      0x4a2 Drivers/STM32F4xx_HAL_Driver/Src/stm32f4xx_hal_tim_ex.o
                                      0xc8709 (size before relaxing)
 .debug_str     0x00000000000cf6f6      0x516 Drivers/STM32F4xx_HAL_Driver/Src/stm32f4xx_hal_uart.o
                                      0xc8649 (size before relaxing)

.comment        0x0000000000000000       0x7b
 .comment       0x0000000000000000       0x7b Core/Src/fonts.o
                                         0x7c (size before relaxing)
 .comment       0x000000000000007b       0x7c Core/Src/main.o
 .comment       0x000000000000007b       0x7c Core/Src/stm32f4xx_hal_msp.o
 .comment       0x000000000000007b       0x7c Core/Src/stm32f4xx_it.o
 .comment       0x000000000000007b       0x7c Core/Src/system_stm32f4xx.o
 .comment       0x000000000000007b       0x7c Core/Src/tft.o
 .comment       0x000000000000007b       0x7c Drivers/STM32F4xx_HAL_Driver/Src/stm32f4xx_hal.o
 .comment       0x000000000000007b       0x7c Drivers/STM32F4xx_HAL_Driver/Src/stm32f4xx_hal_cortex.o
 .comment       0x000000000000007b       0x7c Drivers/STM32F4xx_HAL_Driver/Src/stm32f4xx_hal_gpio.o
 .comment       0x000000000000007b       0x7c Drivers/STM32F4xx_HAL_Driver/Src/stm32f4xx_hal_rcc.o
 .comment       0x000000000000007b       0x7c Drivers/STM32F4xx_HAL_Driver/Src/stm32f4xx_hal_rcc_ex.o
 .comment       0x000000000000007b       0x7c Drivers/STM32F4xx_HAL_Driver/Src/stm32f4xx_hal_tim.o
 .comment       0x000000000000007b       0x7c Drivers/STM32F4xx_HAL_Driver/Src/stm32f4xx_hal_tim_ex.o
 .comment       0x000000000000007b       0x7c Drivers/STM32F4xx_HAL_Driver/Src/stm32f4xx_hal_uart.o

.debug_ranges   0x0000000000000000      0xd48
 .debug_ranges  0x0000000000000000       0x40 Core/Src/main.o
 .debug_ranges  0x0000000000000040       0x30 Core/Src/stm32f4xx_hal_msp.o
 .debug_ranges  0x0000000000000070       0x50 Core/Src/stm32f4xx_it.o
 .debug_ranges  0x00000000000000c0       0x18 Core/Src/system_stm32f4xx.o
 .debug_ranges  0x00000000000000d8      0x2a8 Core/Src/tft.o
 .debug_ranges  0x0000000000000380       0x20 Core/Startup/startup_stm32f446retx.o
 .debug_ranges  0x00000000000003a0       0xe0 Drivers/STM32F4xx_HAL_Driver/Src/stm32f4xx_hal.o
 .debug_ranges  0x0000000000000480      0x108 Drivers/STM32F4xx_HAL_Driver/Src/stm32f4xx_hal_cortex.o
 .debug_ranges  0x0000000000000588       0x48 Drivers/STM32F4xx_HAL_Driver/Src/stm32f4xx_hal_gpio.o
 .debug_ranges  0x00000000000005d0       0x78 Drivers/STM32F4xx_HAL_Driver/Src/stm32f4xx_hal_rcc.o
 .debug_ranges  0x0000000000000648       0x68 Drivers/STM32F4xx_HAL_Driver/Src/stm32f4xx_hal_rcc_ex.o
 .debug_ranges  0x00000000000006b0      0x398 Drivers/STM32F4xx_HAL_Driver/Src/stm32f4xx_hal_tim.o
 .debug_ranges  0x0000000000000a48      0x140 Drivers/STM32F4xx_HAL_Driver/Src/stm32f4xx_hal_tim_ex.o
 .debug_ranges  0x0000000000000b88      0x1c0 Drivers/STM32F4xx_HAL_Driver/Src/stm32f4xx_hal_uart.o

.debug_frame    0x0000000000000000     0x3c28
 .debug_frame   0x0000000000000000      0x100 Core/Src/main.o
 .debug_frame   0x0000000000000100       0xcc Core/Src/stm32f4xx_hal_msp.o
 .debug_frame   0x00000000000001cc      0x10c Core/Src/stm32f4xx_it.o
 .debug_frame   0x00000000000002d8       0x58 Core/Src/system_stm32f4xx.o
 .debug_frame   0x0000000000000330      0xc30 Core/Src/tft.o
 .debug_frame   0x0000000000000f60      0x374 Drivers/STM32F4xx_HAL_Driver/Src/stm32f4xx_hal.o
 .debug_frame   0x00000000000012d4      0x498 Drivers/STM32F4xx_HAL_Driver/Src/stm32f4xx_hal_cortex.o
 .debug_frame   0x000000000000176c      0x14c Drivers/STM32F4xx_HAL_Driver/Src/stm32f4xx_hal_gpio.o
 .debug_frame   0x00000000000018b8      0x1f0 Drivers/STM32F4xx_HAL_Driver/Src/stm32f4xx_hal_rcc.o
 .debug_frame   0x0000000000001aa8      0x1e0 Drivers/STM32F4xx_HAL_Driver/Src/stm32f4xx_hal_rcc_ex.o
 .debug_frame   0x0000000000001c88     0x10f0 Drivers/STM32F4xx_HAL_Driver/Src/stm32f4xx_hal_tim.o
 .debug_frame   0x0000000000002d78      0x5c0 Drivers/STM32F4xx_HAL_Driver/Src/stm32f4xx_hal_tim_ex.o
 .debug_frame   0x0000000000003338      0x844 Drivers/STM32F4xx_HAL_Driver/Src/stm32f4xx_hal_uart.o
 .debug_frame   0x0000000000003b7c       0x2c c:/st/stm32cubeide_1.5.0/stm32cubeide/plugins/com.st.stm32cube.ide.mcu.externaltools.gnu-tools-for-stm32.7-2018-q2-update.win32_1.5.0.202011040924/tools/bin/../lib/gcc/arm-none-eabi/7.3.1/../../../../arm-none-eabi/lib/thumb/v7e-m/fpv4-sp/hard\libc_nano.a(lib_a-init.o)
 .debug_frame   0x0000000000003ba8       0x20 c:/st/stm32cubeide_1.5.0/stm32cubeide/plugins/com.st.stm32cube.ide.mcu.externaltools.gnu-tools-for-stm32.7-2018-q2-update.win32_1.5.0.202011040924/tools/bin/../lib/gcc/arm-none-eabi/7.3.1/../../../../arm-none-eabi/lib/thumb/v7e-m/fpv4-sp/hard\libc_nano.a(lib_a-memset.o)
 .debug_frame   0x0000000000003bc8       0x2c c:/st/stm32cubeide_1.5.0/stm32cubeide/plugins/com.st.stm32cube.ide.mcu.externaltools.gnu-tools-for-stm32.7-2018-q2-update.win32_1.5.0.202011040924/tools/bin/../lib/gcc/arm-none-eabi/7.3.1/thumb/v7e-m/fpv4-sp/hard\libgcc.a(_aeabi_uldivmod.o)
 .debug_frame   0x0000000000003bf4       0x34 c:/st/stm32cubeide_1.5.0/stm32cubeide/plugins/com.st.stm32cube.ide.mcu.externaltools.gnu-tools-for-stm32.7-2018-q2-update.win32_1.5.0.202011040924/tools/bin/../lib/gcc/arm-none-eabi/7.3.1/thumb/v7e-m/fpv4-sp/hard\libgcc.a(_udivmoddi4.o)
