tft.c:54:6:PIN_LOW	16	static
tft.c:59:6:PIN_HIGH	16	static
tft.c:64:6:PIN_INPUT	40	static
tft.c:74:6:PIN_OUTPUT	40	static
tft.c:142:10:width	4	static
tft.c:145:10:height	4	static
tft.c:160:17:color565_to_555	16	static
tft.c:163:17:color555_to_565	16	static
tft.c:166:16:color565_to_r	16	static
tft.c:169:16:color565_to_g	16	static
tft.c:172:16:color565_to_b	16	static
tft.c:176:10:color565	16	static
tft.c:177:10:readPixel	32	static
tft.c:185:6:WriteCmdData	16	static
tft.c:193:6:pushCommand	16	static
tft.c:228:6:setReadDir	8	static
tft.c:240:6:setWriteDir	8	static
tft.c:258:13:pushColors_any	40	static
tft.c:295:13:write24	24	static
tft.c:306:13:writecmddata	24	static
tft.c:316:13:WriteCmdParamN	24	static
tft.c:331:20:WriteCmdParam4	32	static
tft.c:340:13:init_table	48	static
tft.c:365:13:init_table16	24	static
tft.c:382:6:reset	8	static
tft.c:399:17:read16bits	16	static
tft.c:408:10:readReg	24	static
tft.c:426:10:readReg32	24	static
tft.c:433:10:readReg40	24	static
tft.c:442:6:tft_init	40	static
tft.c:2490:10:readID	24	static
tft.c:2587:9:readGRAM	56	static
tft.c:2653:6:setRotation	40	static
tft.c:2817:6:drawPixel	32	static
tft.c:2831:6:setAddrWindow	40	static
tft.c:2874:6:vertScroll	32	static
tft.c:2954:6:pushColors16b	24	static
tft.c:2958:6:pushColors8b	24	static
tft.c:2962:6:pushColors4n	24	static
tft.c:2968:6:fillScreen	24	static
tft.c:2973:6:invertDisplay	24	static
tft.c:3019:7:drawFastVLine	32	static
tft.c:3023:7:drawFastHLine	32	static
tft.c:3028:6:writePixel	16	static
tft.c:3033:6:writeLine	48	static
tft.c:3074:6:drawLine	40	static
tft.c:3087:6:drawCircle	40	static
tft.c:3121:6:drawCircleHelper	40	static
tft.c:3157:6:fillCircle	32	static
tft.c:3163:6:fillCircleHelper	40	static
tft.c:3200:6:drawRect	24	static
tft.c:3208:6:fillRect	32	static
tft.c:3297:6:drawRoundRect	40	static
tft.c:3314:6:fillRoundRect	40	static
tft.c:3326:6:drawTriangle	32	static
tft.c:3334:6:fillTriangle	72	static
tft.c:3414:6:testFillScreen	8	static
tft.c:3423:6:testLines	56	static
tft.c:3466:6:testFastLines	32	static
tft.c:3475:6:testRects	56	static
tft.c:3489:6:testFilledRects	56	static
tft.c:3506:6:testFilledCircles	40	static
tft.c:3519:6:testCircles	40	static
tft.c:3535:6:testTriangles	64	static
tft.c:3551:6:testFilledTriangles	64	static
tft.c:3564:6:testRoundRects	72	static
tft.c:3581:6:testFilledRoundRects	64	static
tft.c:3599:6:drawChar	56	static
tft.c:3649:8:write	48	static
tft.c:3688:6:setFont	16	static
tft.c:3717:6:charBounds	56	static
tft.c:3787:6:getTextBounds	64	static
tft.c:3810:6:printnewtstr	24	static
tft.c:3819:6:printstr	16	static
tft.c:3824:6:setTextWrap	16	static
tft.c:3826:6:setTextColor	16	static
tft.c:3831:6:setTextSize	16	static
tft.c:3836:6:setCursor	16	static
tft.c:3838:9:getRotation	4	static
tft.c:3843:6:scrollup	24	static
tft.c:3857:6:scrolldown	24	static
